pp/profile/page.tsx(157,74): error TS2339: Property 'icon' does not exist on type 'Badge'.
app/settings/page.tsx(13,45): error TS2339: Property 'resetAll' does not exist on type 'UserStore'.
app/settings/page.tsx(41,63): error TS2345: Argument of type 'number' is not assignable to parameter of type '10 | 30 | 50 | 100'.
app/shop/page.tsx(17,19): error TS2339: Property 'shopInventory' does not exist on type 'UserStore'.
app/shop/page.tsx(30,47): error TS2554: Expected 1 arguments, but got 2.
app/stats/page.tsx(49,63): error TS2339: Property 'bestScore' does not exist on type 'LevelState'.
app/stats/page.tsx(50,61): error TS2339: Property 'bestScore' does not exist on type 'LevelState'.
app/stats/page.tsx(201,74): error TS2339: Property 'icon' does not exist on type 'Badge'.
components/game/LevelMap.tsx(145,37): error TS2322: Type 'LevelState | { id: number; status: "locked"; bestStars: number; bestScore: number; }' is not assignable to type 'LevelState'.
  Property 'bestXP' is missing in type '{ id: number; status: "locked"; bestStars: number; bestScore: number; }' but required in type 'LevelState'.
